// Jest Snapshot v1, https://goo.gl/fbAQLP

exports[`compiles ok 1`] = `
"import test from \\"<PROJECT_ROOT>/lib/js/test.js\\";

const yolo = require(\\"<PROJECT_ROOT>/lib/js/components/yolo.js\\");
import ignore from \\"./ignore.js\\";
const ignoreRequire = require(\\"./components/ignore.js\\");

console.log();
console.log(\\"test\\");
console.log({});"
`;
